------------------------------------------------------------
Timing Analyzer Summary
------------------------------------------------------------

Type  : Slow 1100mV 85C Model Setup 'clk'
Slack : -1.064
TNS   : -101.826

Type  : Slow 1100mV 85C Model Hold 'clk'
Slack : 0.282
TNS   : 0.000

Type  : Slow 1100mV 85C Model Minimum Pulse Width 'clk'
Slack : -0.724
TNS   : -178.499

Type  : Slow 1100mV 0C Model Setup 'clk'
Slack : -1.115
TNS   : -108.218

Type  : Slow 1100mV 0C Model Hold 'clk'
Slack : 0.276
TNS   : 0.000

Type  : Slow 1100mV 0C Model Minimum Pulse Width 'clk'
Slack : -0.724
TNS   : -178.301

Type  : Fast 1100mV 85C Model Setup 'clk'
Slack : 0.078
TNS   : 0.000

Type  : Fast 1100mV 85C Model Hold 'clk'
Slack : 0.130
TNS   : 0.000

Type  : Fast 1100mV 85C Model Minimum Pulse Width 'clk'
Slack : -0.089
TNS   : -13.577

Type  : Fast 1100mV 0C Model Setup 'clk'
Slack : 0.148
TNS   : 0.000

Type  : Fast 1100mV 0C Model Hold 'clk'
Slack : 0.118
TNS   : 0.000

Type  : Fast 1100mV 0C Model Minimum Pulse Width 'clk'
Slack : -0.090
TNS   : -13.899

------------------------------------------------------------
